------------------------------------------------------------
Timing Analyzer Summary
------------------------------------------------------------

Type  : Slow 1100mV 85C Model Setup 'clock_divider:myClk|clock_out'
Slack : -99.057
TNS   : -72938.496

Type  : Slow 1100mV 85C Model Setup 'cpu:myCPU|processor:myprocessor|flipFlopD:myClockFlop|state[0]'
Slack : -91.470
TNS   : -213.945

Type  : Slow 1100mV 85C Model Setup 'clk'
Slack : -2.633
TNS   : -96.893

Type  : Slow 1100mV 85C Model Hold 'clock_divider:myClk|clock_out'
Slack : -0.215
TNS   : -0.429

Type  : Slow 1100mV 85C Model Hold 'clk'
Slack : 0.390
TNS   : 0.000

Type  : Slow 1100mV 85C Model Hold 'cpu:myCPU|processor:myprocessor|flipFlopD:myClockFlop|state[0]'
Slack : 2.581
TNS   : 0.000

Type  : Slow 1100mV 85C Model Minimum Pulse Width 'clock_divider:myClk|clock_out'
Slack : -2.174
TNS   : -3746.752

Type  : Slow 1100mV 85C Model Minimum Pulse Width 'cpu:myCPU|processor:myprocessor|flipFlopD:myClockFlop|state[0]'
Slack : -0.782
TNS   : -5.707

Type  : Slow 1100mV 85C Model Minimum Pulse Width 'clk'
Slack : -0.622
TNS   : -20.780

Type  : Slow 1100mV 0C Model Setup 'clock_divider:myClk|clock_out'
Slack : -100.477
TNS   : -73899.357

Type  : Slow 1100mV 0C Model Setup 'cpu:myCPU|processor:myprocessor|flipFlopD:myClockFlop|state[0]'
Slack : -93.128
TNS   : -216.155

Type  : Slow 1100mV 0C Model Setup 'clk'
Slack : -2.830
TNS   : -95.974

Type  : Slow 1100mV 0C Model Hold 'clock_divider:myClk|clock_out'
Slack : -0.139
TNS   : -0.277

Type  : Slow 1100mV 0C Model Hold 'clk'
Slack : 0.387
TNS   : 0.000

Type  : Slow 1100mV 0C Model Hold 'cpu:myCPU|processor:myprocessor|flipFlopD:myClockFlop|state[0]'
Slack : 2.387
TNS   : 0.000

Type  : Slow 1100mV 0C Model Minimum Pulse Width 'clock_divider:myClk|clock_out'
Slack : -2.174
TNS   : -3683.587

Type  : Slow 1100mV 0C Model Minimum Pulse Width 'cpu:myCPU|processor:myprocessor|flipFlopD:myClockFlop|state[0]'
Slack : -0.686
TNS   : -5.065

Type  : Slow 1100mV 0C Model Minimum Pulse Width 'clk'
Slack : -0.632
TNS   : -22.315

Type  : Fast 1100mV 85C Model Setup 'clock_divider:myClk|clock_out'
Slack : -56.183
TNS   : -41338.390

Type  : Fast 1100mV 85C Model Setup 'cpu:myCPU|processor:myprocessor|flipFlopD:myClockFlop|state[0]'
Slack : -51.544
TNS   : -123.469

Type  : Fast 1100mV 85C Model Setup 'clk'
Slack : -1.327
TNS   : -43.027

Type  : Fast 1100mV 85C Model Hold 'clock_divider:myClk|clock_out'
Slack : -0.107
TNS   : -0.229

Type  : Fast 1100mV 85C Model Hold 'clk'
Slack : 0.209
TNS   : 0.000

Type  : Fast 1100mV 85C Model Hold 'cpu:myCPU|processor:myprocessor|flipFlopD:myClockFlop|state[0]'
Slack : 1.443
TNS   : 0.000

Type  : Fast 1100mV 85C Model Minimum Pulse Width 'clock_divider:myClk|clock_out'
Slack : -2.174
TNS   : -3331.510

Type  : Fast 1100mV 85C Model Minimum Pulse Width 'clk'
Slack : -0.597
TNS   : -4.221

Type  : Fast 1100mV 85C Model Minimum Pulse Width 'cpu:myCPU|processor:myprocessor|flipFlopD:myClockFlop|state[0]'
Slack : -0.522
TNS   : -2.772

Type  : Fast 1100mV 0C Model Setup 'clock_divider:myClk|clock_out'
Slack : -52.440
TNS   : -38533.802

Type  : Fast 1100mV 0C Model Setup 'cpu:myCPU|processor:myprocessor|flipFlopD:myClockFlop|state[0]'
Slack : -48.353
TNS   : -114.623

Type  : Fast 1100mV 0C Model Setup 'clk'
Slack : -1.255
TNS   : -36.255

Type  : Fast 1100mV 0C Model Hold 'clock_divider:myClk|clock_out'
Slack : -0.053
TNS   : -0.105

Type  : Fast 1100mV 0C Model Hold 'clk'
Slack : 0.196
TNS   : 0.000

Type  : Fast 1100mV 0C Model Hold 'cpu:myCPU|processor:myprocessor|flipFlopD:myClockFlop|state[0]'
Slack : 1.386
TNS   : 0.000

Type  : Fast 1100mV 0C Model Minimum Pulse Width 'clock_divider:myClk|clock_out'
Slack : -2.174
TNS   : -3288.834

Type  : Fast 1100mV 0C Model Minimum Pulse Width 'clk'
Slack : -0.577
TNS   : -4.158

Type  : Fast 1100mV 0C Model Minimum Pulse Width 'cpu:myCPU|processor:myprocessor|flipFlopD:myClockFlop|state[0]'
Slack : -0.343
TNS   : -1.671

------------------------------------------------------------
